134.199.167.226 - - [01/Feb/2026:04:04:13 -0800] "POST / HTTP/1.1" 301 178 "-" "Mozilla/5.0"
43.153.100.234 - - [01/Feb/2026:04:11:34 -0800] "GET / HTTP/1.1" 301 178 "-" "Mozilla/5.0 (iPhone; CPU iPhone OS 13_2_3 like Mac OS X) AppleWebKit/605.1.15 (KHTML, like Gecko) Version/13.0.3 Mobile/15E148 Safari/604.1"
35.233.5.189 - - [01/Feb/2026:04:18:25 -0800] "GET / HTTP/1.1" 502 166 "-" "python-requests/2.32.5"
204.76.203.212 - - [01/Feb/2026:04:21:37 -0800] "GET / HTTP/1.1" 301 178 "-" "Mozilla/5.0 (Windows NT 10.0; Win64; x64) AppleWebKit/537.36 (KHTML, like Gecko) Chrome/90.0.4430.85 Safari/537.36 Edg/90.0.818.46"
204.76.203.206 - - [01/Feb/2026:04:27:08 -0800] "GET / HTTP/1.1" 301 178 "-" "Mozilla/5.0 (Windows NT 10.0; Win64; x64) AppleWebKit/537.36 (KHTML, like Gecko) Chrome/90.0.4430.85 Safari/537.36 Edg/90.0.818.46"
204.76.203.18 - - [01/Feb/2026:04:41:47 -0800] "GET /backup/ HTTP/1.1" 301 178 "-" "-"
204.76.203.18 - - [01/Feb/2026:04:41:52 -0800] "GET /backup/ HTTP/1.1" 301 178 "-" "-"
204.76.203.212 - - [01/Feb/2026:04:47:16 -0800] "GET / HTTP/1.1" 301 178 "-" "Mozilla/5.0 (Windows NT 10.0; Win64; x64) AppleWebKit/537.36 (KHTML, like Gecko) Chrome/90.0.4430.85 Safari/537.36 Edg/90.0.818.46"
204.76.203.206 - - [01/Feb/2026:04:58:09 -0800] "GET / HTTP/1.1" 301 178 "-" "Mozilla/5.0 (Windows NT 10.0; Win64; x64) AppleWebKit/537.36 (KHTML, like Gecko) Chrome/90.0.4430.85 Safari/537.36 Edg/90.0.818.46"
206.168.34.201 - - [01/Feb/2026:05:10:56 -0800] "\x16\x03\x01\x01\x0C\x01\x00\x01\x08\x03\x03TTO\xAD\xAAcS\xB6\xF2\x1C\x0B\xD4\x8B" 400 166 "-" "-"
206.168.34.201 - - [01/Feb/2026:05:10:56 -0800] "GET / HTTP/1.1" 301 178 "-" "Mozilla/5.0 (compatible; CensysInspect/1.1; +https://about.censys.io/)"
206.168.34.201 - - [01/Feb/2026:05:10:58 -0800] "PRI * HTTP/2.0" 400 166 "-" "-"
204.76.203.212 - - [01/Feb/2026:05:12:31 -0800] "GET / HTTP/1.1" 301 178 "-" "Mozilla/5.0 (Windows NT 10.0; Win64; x64) AppleWebKit/537.36 (KHTML, like Gecko) Chrome/90.0.4430.85 Safari/537.36 Edg/90.0.818.46"
43.133.69.37 - - [01/Feb/2026:05:12:58 -0800] "GET / HTTP/1.1" 400 264 "-" "Mozilla/5.0 (iPhone; CPU iPhone OS 13_2_3 like Mac OS X) AppleWebKit/605.1.15 (KHTML, like Gecko) Version/13.0.3 Mobile/15E148 Safari/604.1"
193.142.147.209 - - [01/Feb/2026:05:18:05 -0800] "POST / HTTP/1.1" 502 166 "-" "Mozilla/5.0 (Windows NT 10.0; Win64; x64) AppleWebKit/537.36"
211.175.22.21 - - [01/Feb/2026:05:18:18 -0800] "GET / HTTP/1.0" 200 612 "-" "-"
113.190.49.123 - - [01/Feb/2026:05:19:24 -0800] "GET / HTTP/1.1" 301 178 "-" "Mozilla/5.0 (Windows NT 10.0; WOW64) AppleWebKit/537.36 (KHTML, like Gecko) Chrome/51.0.2704.103 Safari/537.36"
199.45.155.85 - - [01/Feb/2026:05:27:27 -0800] "GET / HTTP/1.1" 502 166 "-" "Mozilla/5.0 (compatible; CensysInspect/1.1; +https://about.censys.io/)"
204.76.203.206 - - [01/Feb/2026:05:30:15 -0800] "GET / HTTP/1.1" 301 178 "-" "Mozilla/5.0 (Windows NT 10.0; Win64; x64) AppleWebKit/537.36 (KHTML, like Gecko) Chrome/90.0.4430.85 Safari/537.36 Edg/90.0.818.46"
193.142.147.209 - - [01/Feb/2026:05:31:17 -0800] "POST / HTTP/1.1" 301 178 "-" "Mozilla/5.0 (Windows NT 10.0; Win64; x64) AppleWebKit/537.36"
204.76.203.212 - - [01/Feb/2026:05:37:57 -0800] "GET / HTTP/1.1" 301 178 "-" "Mozilla/5.0 (Windows NT 10.0; Win64; x64) AppleWebKit/537.36 (KHTML, like Gecko) Chrome/90.0.4430.85 Safari/537.36 Edg/90.0.818.46"
167.94.138.165 - - [01/Feb/2026:05:45:23 -0800] "GET / HTTP/1.1" 502 166 "-" "Mozilla/5.0 (compatible; CensysInspect/1.1; +https://about.censys.io/)"
204.76.203.69 - - [01/Feb/2026:05:45:27 -0800] "GET / HTTP/1.1" 301 178 "-" "Mozilla/5.0 (Windows NT 10.0; Win64; x64) AppleWebKit/537.36 (KHTML, like Gecko) Chrome/90.0.4430.85 Safari/537.36 Edg/90.0.818.46"
167.94.138.165 - - [01/Feb/2026:05:46:15 -0800] "GET /security.txt HTTP/1.1" 502 166 "-" "Mozilla/5.0 (compatible; CensysInspect/1.1; +https://about.censys.io/)"
66.249.73.3 - - [01/Feb/2026:05:48:11 -0800] "GET /robots.txt HTTP/1.1" 502 166 "-" "Mozilla/5.0 (compatible; Googlebot/2.1; +http://www.google.com/bot.html)"
5.166.37.109 - - [01/Feb/2026:05:53:31 -0800] "POST /cgi-bin/.%2e/.%2e/.%2e/.%2e/.%2e/.%2e/.%2e/.%2e/.%2e/.%2e/bin/sh HTTP/1.1" 400 166 "-" "-"
204.76.203.206 - - [01/Feb/2026:06:00:47 -0800] "GET / HTTP/1.1" 301 178 "-" "Mozilla/5.0 (Windows NT 10.0; Win64; x64) AppleWebKit/537.36 (KHTML, like Gecko) Chrome/90.0.4430.85 Safari/537.36 Edg/90.0.818.46"
35.195.168.139 - - [01/Feb/2026:06:02:14 -0800] "GET / HTTP/1.1" 301 178 "-" "python-requests/2.32.5"
135.237.123.254 - - [01/Feb/2026:06:03:41 -0800] "GET /developmentserver/metadatauploader HTTP/1.1" 502 166 "-" "Mozilla/5.0 zgrab/0.x"
204.76.203.212 - - [01/Feb/2026:06:05:51 -0800] "GET / HTTP/1.1" 301 178 "-" "Mozilla/5.0 (Windows NT 10.0; Win64; x64) AppleWebKit/537.36 (KHTML, like Gecko) Chrome/90.0.4430.85 Safari/537.36 Edg/90.0.818.46"
43.173.252.20 - - [01/Feb/2026:06:07:37 -0800] "GET / HTTP/1.1" 301 178 "-" "Mozilla/5.0 (iPhone; CPU iPhone OS 13_2_3 like Mac OS X) AppleWebKit/605.1.15 (KHTML, like Gecko) Version/13.0.3 Mobile/15E148 Safari/604.1"
95.110.230.43 - - [01/Feb/2026:06:11:12 -0800] "GET /.env HTTP/1.1" 301 178 "-" "Go-http-client/1.1"
204.76.203.212 - - [01/Feb/2026:06:28:54 -0800] "GET / HTTP/1.1" 301 178 "-" "Mozilla/5.0 (Windows NT 10.0; Win64; x64) AppleWebKit/537.36 (KHTML, like Gecko) Chrome/90.0.4430.85 Safari/537.36 Edg/90.0.818.46"
204.76.203.206 - - [01/Feb/2026:06:30:01 -0800] "GET / HTTP/1.1" 301 178 "-" "Mozilla/5.0 (Windows NT 10.0; Win64; x64) AppleWebKit/537.36 (KHTML, like Gecko) Chrome/90.0.4430.85 Safari/537.36 Edg/90.0.818.46"
134.122.52.74 - - [01/Feb/2026:06:46:13 -0800] "\x16\x03\x01\x00{\x01\x00\x00w\x03\x03 \xB7#Ij[\x9F=\xBC\xAB\xAB\xE2\x9C\x0E\xCE\xB1h" 400 166 "-" "-"
134.122.52.74 - - [01/Feb/2026:06:46:13 -0800] "\x16\x03\x01\x00{\x01\x00\x00w\x03\x03\xC7.`\xC4\xEE9\xB5\x02}\x16\xC9HWQ\xE0|\x08\xD0\x05\xDF+\x14\x17\xA6p\xB4\xF6^\x06<\xE5\xF1\x00\x00\x1A\xC0/\xC0+\xC0\x11\xC0\x07\xC0\x13\xC0\x09\xC0\x14\xC0" 400 166 "-" "-"
134.122.52.74 - - [01/Feb/2026:06:46:14 -0800] "GET / HTTP/1.1" 301 178 "-" "Mozilla/5.0 (Windows NT 10.0; Win64; x64) AppleWebKit/537.36 (KHTML, like Gecko) Chrome/108.0.0.0 Safari/537.36"
134.122.52.74 - - [01/Feb/2026:06:46:14 -0800] "GET /form.html HTTP/1.1" 301 178 "-" "curl/8.1.2"
134.122.52.74 - - [01/Feb/2026:06:46:15 -0800] "GET /upl.php HTTP/1.1" 301 178 "-" "Mozilla/5.0"
134.122.52.74 - - [01/Feb/2026:06:46:15 -0800] "GET /t4 HTTP/1.1" 301 178 "-" "Mozilla/5.0"
134.122.52.74 - - [01/Feb/2026:06:46:16 -0800] "GET /geoip/ HTTP/1.1" 301 178 "-" "Mozilla/5.0 (Windows NT 10.0; Win64; x64) AppleWebKit/537.36 (KHTML, like Gecko) Chrome/108.0.0.0 Safari/537.36"
134.122.52.74 - - [01/Feb/2026:06:46:16 -0800] "GET /favicon.ico HTTP/1.1" 301 178 "-" "Mozilla/5.0 (Windows NT 10.0; Win64; x64) AppleWebKit/537.36 (KHTML, like Gecko) Chrome/108.0.0.0 Safari/537.36"
134.122.52.74 - - [01/Feb/2026:06:46:17 -0800] "GET /1.php HTTP/1.1" 301 178 "-" "Mozilla/5.0 (Windows NT 10.0; Win64; x64) AppleWebKit/537.36 (KHTML, like Gecko) Chrome/108.0.0.0 Safari/537.36"
134.122.52.74 - - [01/Feb/2026:06:46:18 -0800] "GET /systembc/password.php HTTP/1.1" 301 178 "-" "Mozilla/5.0 (Windows NT 10.0; Win64; x64) AppleWebKit/537.36 (KHTML, like Gecko) Chrome/108.0.0.0 Safari/537.36"
134.122.52.74 - - [01/Feb/2026:06:46:18 -0800] "GET /password.php HTTP/1.1" 301 178 "-" "Mozilla/5.0 (Windows NT 10.0; Win64; x64) AppleWebKit/537.36 (KHTML, like Gecko) Chrome/108.0.0.0 Safari/537.36"
204.76.203.212 - - [01/Feb/2026:06:53:55 -0800] "GET / HTTP/1.1" 301 178 "-" "Mozilla/5.0 (Windows NT 10.0; Win64; x64) AppleWebKit/537.36 (KHTML, like Gecko) Chrome/90.0.4430.85 Safari/537.36 Edg/90.0.818.46"
9.169.124.51 - - [01/Feb/2026:07:02:12 -0800] "GET /live/audio/stream.mp3 HTTP/2.0" 502 568 "https://ronautradio.la/" "Mozilla/5.0 (Windows NT 10.0; Win64; x64) AppleWebKit/537.36 (KHTML, like Gecko) Chrome/141.0.0.0 Safari/537.36"
9.169.124.51 - - [01/Feb/2026:07:02:13 -0800] "GET /live/hls/stream.m3u8 HTTP/2.0" 200 558 "https://ronautradio.la/" "Mozilla/5.0 (Windows NT 10.0; Win64; x64) AppleWebKit/537.36 (KHTML, like Gecko) Chrome/141.0.0.0 Safari/537.36"
9.169.124.51 - - [01/Feb/2026:07:02:13 -0800] "GET /api/now-playing HTTP/2.0" 502 568 "https://ronautradio.la/" "Mozilla/5.0 (Windows NT 10.0; Win64; x64) AppleWebKit/537.36 (KHTML, like Gecko) Chrome/141.0.0.0 Safari/537.36"
9.169.124.51 - - [01/Feb/2026:07:02:16 -0800] "GET /api/now-playing HTTP/2.0" 502 568 "https://ronautradio.la/" "Mozilla/5.0 (Windows NT 10.0; Win64; x64) AppleWebKit/537.36 (KHTML, like Gecko) Chrome/141.0.0.0 Safari/537.36"
9.169.124.51 - - [01/Feb/2026:07:02:16 -0800] "GET /live/hls/stream-804311.ts HTTP/2.0" 200 2053148 "https://ronautradio.la/" "Mozilla/5.0 (Windows NT 10.0; Win64; x64) AppleWebKit/537.36 (KHTML, like Gecko) Chrome/141.0.0.0 Safari/537.36"
9.169.124.51 - - [01/Feb/2026:07:02:17 -0800] "GET /api/now-playing HTTP/2.0" 502 568 "https://ronautradio.la/" "Mozilla/5.0 (Windows NT 10.0; Win64; x64) AppleWebKit/537.36 (KHTML, like Gecko) Chrome/141.0.0.0 Safari/537.36"
9.169.124.51 - - [01/Feb/2026:07:02:17 -0800] "GET /live/hls/stream.m3u8 HTTP/2.0" 200 558 "https://ronautradio.la/" "Mozilla/5.0 (Windows NT 10.0; Win64; x64) AppleWebKit/537.36 (KHTML, like Gecko) Chrome/141.0.0.0 Safari/537.36"
9.169.124.51 - - [01/Feb/2026:07:02:17 -0800] "GET /live/hls/stream-804311.ts HTTP/2.0" 200 2053148 "https://ronautradio.la/" "Mozilla/5.0 (Windows NT 10.0; Win64; x64) AppleWebKit/537.36 (KHTML, like Gecko) Chrome/141.0.0.0 Safari/537.36"
9.169.124.51 - - [01/Feb/2026:07:02:18 -0800] "GET /api/now-playing HTTP/2.0" 502 568 "https://ronautradio.la/" "Mozilla/5.0 (Windows NT 10.0; Win64; x64) AppleWebKit/537.36 (KHTML, like Gecko) Chrome/141.0.0.0 Safari/537.36"
9.169.124.51 - - [01/Feb/2026:07:02:20 -0800] "GET /api/now-playing HTTP/2.0" 502 568 "https://ronautradio.la/" "Mozilla/5.0 (Windows NT 10.0; Win64; x64) AppleWebKit/537.36 (KHTML, like Gecko) Chrome/141.0.0.0 Safari/537.36"
9.169.124.51 - - [01/Feb/2026:07:02:22 -0800] "GET /api/now-playing HTTP/2.0" 502 568 "https://ronautradio.la/" "Mozilla/5.0 (Windows NT 10.0; Win64; x64) AppleWebKit/537.36 (KHTML, like Gecko) Chrome/141.0.0.0 Safari/537.36"
9.169.124.51 - - [01/Feb/2026:07:02:23 -0800] "GET /api/now-playing HTTP/2.0" 502 568 "https://ronautradio.la/" "Mozilla/5.0 (Windows NT 10.0; Win64; x64) AppleWebKit/537.36 (KHTML, like Gecko) Chrome/141.0.0.0 Safari/537.36"
9.169.124.51 - - [01/Feb/2026:07:02:25 -0800] "GET /api/now-playing HTTP/2.0" 502 568 "https://ronautradio.la/" "Mozilla/5.0 (Windows NT 10.0; Win64; x64) AppleWebKit/537.36 (KHTML, like Gecko) Chrome/141.0.0.0 Safari/537.36"
9.169.124.51 - - [01/Feb/2026:07:02:27 -0800] "GET /api/now-playing HTTP/2.0" 502 568 "https://ronautradio.la/" "Mozilla/5.0 (Windows NT 10.0; Win64; x64) AppleWebKit/537.36 (KHTML, like Gecko) Chrome/141.0.0.0 Safari/537.36"
9.169.124.51 - - [01/Feb/2026:07:02:29 -0800] "GET /api/now-playing HTTP/2.0" 502 568 "https://ronautradio.la/" "Mozilla/5.0 (Windows NT 10.0; Win64; x64) AppleWebKit/537.36 (KHTML, like Gecko) Chrome/141.0.0.0 Safari/537.36"
9.169.124.51 - - [01/Feb/2026:07:02:31 -0800] "GET /api/now-playing HTTP/2.0" 502 568 "https://ronautradio.la/" "Mozilla/5.0 (Windows NT 10.0; Win64; x64) AppleWebKit/537.36 (KHTML, like Gecko) Chrome/141.0.0.0 Safari/537.36"
9.169.124.51 - - [01/Feb/2026:07:02:33 -0800] "GET /api/now-playing HTTP/2.0" 502 568 "https://ronautradio.la/" "Mozilla/5.0 (Windows NT 10.0; Win64; x64) AppleWebKit/537.36 (KHTML, like Gecko) Chrome/141.0.0.0 Safari/537.36"
9.169.124.51 - - [01/Feb/2026:07:02:34 -0800] "GET /api/now-playing HTTP/2.0" 502 568 "https://ronautradio.la/" "Mozilla/5.0 (Windows NT 10.0; Win64; x64) AppleWebKit/537.36 (KHTML, like Gecko) Chrome/141.0.0.0 Safari/537.36"
9.169.124.51 - - [01/Feb/2026:07:02:36 -0800] "GET /api/now-playing HTTP/2.0" 502 568 "https://ronautradio.la/" "Mozilla/5.0 (Windows NT 10.0; Win64; x64) AppleWebKit/537.36 (KHTML, like Gecko) Chrome/141.0.0.0 Safari/537.36"
9.169.124.51 - - [01/Feb/2026:07:02:38 -0800] "GET /api/now-playing HTTP/2.0" 502 568 "https://ronautradio.la/" "Mozilla/5.0 (Windows NT 10.0; Win64; x64) AppleWebKit/537.36 (KHTML, like Gecko) Chrome/141.0.0.0 Safari/537.36"
9.169.124.51 - - [01/Feb/2026:07:02:40 -0800] "GET /api/now-playing HTTP/2.0" 502 568 "https://ronautradio.la/" "Mozilla/5.0 (Windows NT 10.0; Win64; x64) AppleWebKit/537.36 (KHTML, like Gecko) Chrome/141.0.0.0 Safari/537.36"
9.169.124.51 - - [01/Feb/2026:07:02:42 -0800] "GET /api/now-playing HTTP/2.0" 502 568 "https://ronautradio.la/" "Mozilla/5.0 (Windows NT 10.0; Win64; x64) AppleWebKit/537.36 (KHTML, like Gecko) Chrome/141.0.0.0 Safari/537.36"
9.169.124.51 - - [01/Feb/2026:07:02:43 -0800] "GET /api/now-playing HTTP/2.0" 502 568 "https://ronautradio.la/" "Mozilla/5.0 (Windows NT 10.0; Win64; x64) AppleWebKit/537.36 (KHTML, like Gecko) Chrome/141.0.0.0 Safari/537.36"
9.169.124.51 - - [01/Feb/2026:07:02:45 -0800] "GET /api/now-playing HTTP/2.0" 502 568 "https://ronautradio.la/" "Mozilla/5.0 (Windows NT 10.0; Win64; x64) AppleWebKit/537.36 (KHTML, like Gecko) Chrome/141.0.0.0 Safari/537.36"
9.169.124.51 - - [01/Feb/2026:07:02:47 -0800] "GET /api/now-playing HTTP/2.0" 502 568 "https://ronautradio.la/" "Mozilla/5.0 (Windows NT 10.0; Win64; x64) AppleWebKit/537.36 (KHTML, like Gecko) Chrome/141.0.0.0 Safari/537.36"
9.169.124.51 - - [01/Feb/2026:07:02:49 -0800] "GET /api/now-playing HTTP/2.0" 502 568 "https://ronautradio.la/" "Mozilla/5.0 (Windows NT 10.0; Win64; x64) AppleWebKit/537.36 (KHTML, like Gecko) Chrome/141.0.0.0 Safari/537.36"
9.169.124.51 - - [01/Feb/2026:07:02:51 -0800] "GET /api/now-playing HTTP/2.0" 502 568 "https://ronautradio.la/" "Mozilla/5.0 (Windows NT 10.0; Win64; x64) AppleWebKit/537.36 (KHTML, like Gecko) Chrome/141.0.0.0 Safari/537.36"
9.169.124.51 - - [01/Feb/2026:07:02:52 -0800] "GET /api/now-playing HTTP/2.0" 502 568 "https://ronautradio.la/" "Mozilla/5.0 (Windows NT 10.0; Win64; x64) AppleWebKit/537.36 (KHTML, like Gecko) Chrome/141.0.0.0 Safari/537.36"
9.169.124.51 - - [01/Feb/2026:07:02:54 -0800] "GET /api/now-playing HTTP/2.0" 502 568 "https://ronautradio.la/" "Mozilla/5.0 (Windows NT 10.0; Win64; x64) AppleWebKit/537.36 (KHTML, like Gecko) Chrome/141.0.0.0 Safari/537.36"
9.169.124.51 - - [01/Feb/2026:07:02:56 -0800] "GET /api/now-playing HTTP/2.0" 502 568 "https://ronautradio.la/" "Mozilla/5.0 (Windows NT 10.0; Win64; x64) AppleWebKit/537.36 (KHTML, like Gecko) Chrome/141.0.0.0 Safari/537.36"
9.169.124.51 - - [01/Feb/2026:07:02:58 -0800] "GET /api/now-playing HTTP/2.0" 502 568 "https://ronautradio.la/" "Mozilla/5.0 (Windows NT 10.0; Win64; x64) AppleWebKit/537.36 (KHTML, like Gecko) Chrome/141.0.0.0 Safari/537.36"
9.169.124.51 - - [01/Feb/2026:07:03:00 -0800] "GET /api/now-playing HTTP/2.0" 502 568 "https://ronautradio.la/" "Mozilla/5.0 (Windows NT 10.0; Win64; x64) AppleWebKit/537.36 (KHTML, like Gecko) Chrome/141.0.0.0 Safari/537.36"
9.169.124.51 - - [01/Feb/2026:07:03:04 -0800] "GET /api/now-playing HTTP/2.0" 502 568 "https://ronautradio.la/" "Mozilla/5.0 (Windows NT 10.0; Win64; x64) AppleWebKit/537.36 (KHTML, like Gecko) Chrome/141.0.0.0 Safari/537.36"
9.169.124.51 - - [01/Feb/2026:07:03:04 -0800] "GET /api/now-playing HTTP/2.0" 502 568 "https://ronautradio.la/" "Mozilla/5.0 (Windows NT 10.0; Win64; x64) AppleWebKit/537.36 (KHTML, like Gecko) Chrome/141.0.0.0 Safari/537.36"
9.169.124.51 - - [01/Feb/2026:07:03:10 -0800] "GET /api/now-playing HTTP/2.0" 502 568 "https://ronautradio.la/" "Mozilla/5.0 (Windows NT 10.0; Win64; x64) AppleWebKit/537.36 (KHTML, like Gecko) Chrome/141.0.0.0 Safari/537.36"
9.169.124.51 - - [01/Feb/2026:07:03:10 -0800] "GET /api/now-playing HTTP/2.0" 502 568 "https://ronautradio.la/" "Mozilla/5.0 (Windows NT 10.0; Win64; x64) AppleWebKit/537.36 (KHTML, like Gecko) Chrome/141.0.0.0 Safari/537.36"
9.169.124.51 - - [01/Feb/2026:07:03:10 -0800] "GET /api/now-playing HTTP/2.0" 502 568 "https://ronautradio.la/" "Mozilla/5.0 (Windows NT 10.0; Win64; x64) AppleWebKit/537.36 (KHTML, like Gecko) Chrome/141.0.0.0 Safari/537.36"
9.169.124.51 - - [01/Feb/2026:07:03:10 -0800] "GET /api/now-playing HTTP/2.0" 502 568 "https://ronautradio.la/" "Mozilla/5.0 (Windows NT 10.0; Win64; x64) AppleWebKit/537.36 (KHTML, like Gecko) Chrome/141.0.0.0 Safari/537.36"
9.169.124.51 - - [01/Feb/2026:07:03:13 -0800] "GET /api/now-playing HTTP/2.0" 502 568 "https://ronautradio.la/" "Mozilla/5.0 (Windows NT 10.0; Win64; x64) AppleWebKit/537.36 (KHTML, like Gecko) Chrome/141.0.0.0 Safari/537.36"
9.169.124.51 - - [01/Feb/2026:07:03:19 -0800] "GET /api/now-playing HTTP/2.0" 502 568 "https://ronautradio.la/" "Mozilla/5.0 (Windows NT 10.0; Win64; x64) AppleWebKit/537.36 (KHTML, like Gecko) Chrome/141.0.0.0 Safari/537.36"
9.169.124.51 - - [01/Feb/2026:07:03:19 -0800] "GET /api/now-playing HTTP/2.0" 502 568 "https://ronautradio.la/" "Mozilla/5.0 (Windows NT 10.0; Win64; x64) AppleWebKit/537.36 (KHTML, like Gecko) Chrome/141.0.0.0 Safari/537.36"
9.169.124.51 - - [01/Feb/2026:07:03:19 -0800] "GET /api/now-playing HTTP/2.0" 502 568 "https://ronautradio.la/" "Mozilla/5.0 (Windows NT 10.0; Win64; x64) AppleWebKit/537.36 (KHTML, like Gecko) Chrome/141.0.0.0 Safari/537.36"
9.169.124.51 - - [01/Feb/2026:07:03:21 -0800] "GET /api/now-playing HTTP/2.0" 502 568 "https://ronautradio.la/" "Mozilla/5.0 (Windows NT 10.0; Win64; x64) AppleWebKit/537.36 (KHTML, like Gecko) Chrome/141.0.0.0 Safari/537.36"
9.169.124.51 - - [01/Feb/2026:07:03:24 -0800] "GET /api/now-playing HTTP/2.0" 502 568 "https://ronautradio.la/" "Mozilla/5.0 (Windows NT 10.0; Win64; x64) AppleWebKit/537.36 (KHTML, like Gecko) Chrome/141.0.0.0 Safari/537.36"
9.169.124.51 - - [01/Feb/2026:07:03:24 -0800] "GET /api/now-playing HTTP/2.0" 502 568 "https://ronautradio.la/" "Mozilla/5.0 (Windows NT 10.0; Win64; x64) AppleWebKit/537.36 (KHTML, like Gecko) Chrome/141.0.0.0 Safari/537.36"
9.169.124.51 - - [01/Feb/2026:07:03:25 -0800] "GET /api/now-playing HTTP/2.0" 502 568 "https://ronautradio.la/" "Mozilla/5.0 (Windows NT 10.0; Win64; x64) AppleWebKit/537.36 (KHTML, like Gecko) Chrome/141.0.0.0 Safari/537.36"
9.169.124.51 - - [01/Feb/2026:07:03:27 -0800] "GET /api/now-playing HTTP/2.0" 502 568 "https://ronautradio.la/" "Mozilla/5.0 (Windows NT 10.0; Win64; x64) AppleWebKit/537.36 (KHTML, like Gecko) Chrome/141.0.0.0 Safari/537.36"
9.169.124.51 - - [01/Feb/2026:07:03:29 -0800] "GET /api/now-playing HTTP/2.0" 502 568 "https://ronautradio.la/" "Mozilla/5.0 (Windows NT 10.0; Win64; x64) AppleWebKit/537.36 (KHTML, like Gecko) Chrome/141.0.0.0 Safari/537.36"
9.169.124.51 - - [01/Feb/2026:07:03:32 -0800] "GET /api/now-playing HTTP/2.0" 502 568 "https://ronautradio.la/" "Mozilla/5.0 (Windows NT 10.0; Win64; x64) AppleWebKit/537.36 (KHTML, like Gecko) Chrome/141.0.0.0 Safari/537.36"
204.76.203.206 - - [01/Feb/2026:07:03:39 -0800] "GET / HTTP/1.1" 301 178 "-" "Mozilla/5.0 (Windows NT 10.0; Win64; x64) AppleWebKit/537.36 (KHTML, like Gecko) Chrome/90.0.4430.85 Safari/537.36 Edg/90.0.818.46"
9.169.124.51 - - [01/Feb/2026:07:03:43 -0800] "GET /api/now-playing HTTP/2.0" 502 568 "https://ronautradio.la/" "Mozilla/5.0 (Windows NT 10.0; Win64; x64) AppleWebKit/537.36 (KHTML, like Gecko) Chrome/141.0.0.0 Safari/537.36"
9.169.124.51 - - [01/Feb/2026:07:03:44 -0800] "GET /api/now-playing HTTP/2.0" 502 568 "https://ronautradio.la/" "Mozilla/5.0 (Windows NT 10.0; Win64; x64) AppleWebKit/537.36 (KHTML, like Gecko) Chrome/141.0.0.0 Safari/537.36"
9.169.124.51 - - [01/Feb/2026:07:03:44 -0800] "GET /api/now-playing HTTP/2.0" 502 568 "https://ronautradio.la/" "Mozilla/5.0 (Windows NT 10.0; Win64; x64) AppleWebKit/537.36 (KHTML, like Gecko) Chrome/141.0.0.0 Safari/537.36"
9.169.124.51 - - [01/Feb/2026:07:03:44 -0800] "GET /api/now-playing HTTP/2.0" 502 568 "https://ronautradio.la/" "Mozilla/5.0 (Windows NT 10.0; Win64; x64) AppleWebKit/537.36 (KHTML, like Gecko) Chrome/141.0.0.0 Safari/537.36"
9.169.124.51 - - [01/Feb/2026:07:03:44 -0800] "GET /api/now-playing HTTP/2.0" 502 568 "https://ronautradio.la/" "Mozilla/5.0 (Windows NT 10.0; Win64; x64) AppleWebKit/537.36 (KHTML, like Gecko) Chrome/141.0.0.0 Safari/537.36"
9.169.124.51 - - [01/Feb/2026:07:03:44 -0800] "GET /api/now-playing HTTP/2.0" 502 568 "https://ronautradio.la/" "Mozilla/5.0 (Windows NT 10.0; Win64; x64) AppleWebKit/537.36 (KHTML, like Gecko) Chrome/141.0.0.0 Safari/537.36"
9.169.124.51 - - [01/Feb/2026:07:03:44 -0800] "GET /api/now-playing HTTP/2.0" 502 568 "https://ronautradio.la/" "Mozilla/5.0 (Windows NT 10.0; Win64; x64) AppleWebKit/537.36 (KHTML, like Gecko) Chrome/141.0.0.0 Safari/537.36"
9.169.124.51 - - [01/Feb/2026:07:03:44 -0800] "GET /api/now-playing HTTP/2.0" 502 568 "https://ronautradio.la/" "Mozilla/5.0 (Windows NT 10.0; Win64; x64) AppleWebKit/537.36 (KHTML, like Gecko) Chrome/141.0.0.0 Safari/537.36"
9.169.124.51 - - [01/Feb/2026:07:03:47 -0800] "GET /api/now-playing HTTP/2.0" 502 568 "https://ronautradio.la/" "Mozilla/5.0 (Windows NT 10.0; Win64; x64) AppleWebKit/537.36 (KHTML, like Gecko) Chrome/141.0.0.0 Safari/537.36"
9.169.124.51 - - [01/Feb/2026:07:03:48 -0800] "GET /api/now-playing HTTP/2.0" 502 568 "https://ronautradio.la/" "Mozilla/5.0 (Windows NT 10.0; Win64; x64) AppleWebKit/537.36 (KHTML, like Gecko) Chrome/141.0.0.0 Safari/537.36"
9.169.124.51 - - [01/Feb/2026:07:03:50 -0800] "GET /api/now-playing HTTP/2.0" 502 568 "https://ronautradio.la/" "Mozilla/5.0 (Windows NT 10.0; Win64; x64) AppleWebKit/537.36 (KHTML, like Gecko) Chrome/141.0.0.0 Safari/537.36"
9.169.124.51 - - [01/Feb/2026:07:03:52 -0800] "GET /api/now-playing HTTP/2.0" 502 568 "https://ronautradio.la/" "Mozilla/5.0 (Windows NT 10.0; Win64; x64) AppleWebKit/537.36 (KHTML, like Gecko) Chrome/141.0.0.0 Safari/537.36"
9.169.124.51 - - [01/Feb/2026:07:03:53 -0800] "GET /live/audio/stream.mp3 HTTP/1.1" 502 166 "-" "-"
9.169.124.51 - - [01/Feb/2026:07:03:53 -0800] "GET /api/now-playing HTTP/2.0" 502 568 "https://ronautradio.la/" "Mozilla/5.0 (Windows NT 10.0; Win64; x64) AppleWebKit/537.36 (KHTML, like Gecko) Chrome/141.0.0.0 Safari/537.36"
9.169.124.51 - - [01/Feb/2026:07:03:54 -0800] "GET /api/now-playing HTTP/1.1" 502 166 "-" "-"
9.169.124.51 - - [01/Feb/2026:07:03:54 -0800] "GET /live/hls/stream.m3u8 HTTP/1.1" 200 558 "-" "-"
204.76.203.212 - - [01/Feb/2026:07:22:18 -0800] "GET / HTTP/1.1" 301 178 "-" "Mozilla/5.0 (Windows NT 10.0; Win64; x64) AppleWebKit/537.36 (KHTML, like Gecko) Chrome/90.0.4430.85 Safari/537.36 Edg/90.0.818.46"
176.65.139.8 - - [01/Feb/2026:07:27:26 -0800] "GET / HTTP/1.1" 301 178 "-" "Hello World/1.0"
43.165.70.220 - - [01/Feb/2026:07:34:54 -0800] "GET / HTTP/1.1" 301 178 "-" "Mozilla/5.0 (iPhone; CPU iPhone OS 13_2_3 like Mac OS X) AppleWebKit/605.1.15 (KHTML, like Gecko) Version/13.0.3 Mobile/15E148 Safari/604.1"
43.165.70.220 - - [01/Feb/2026:07:34:55 -0800] "GET / HTTP/1.1" 502 166 "http://stream.ronautradio.la" "Mozilla/5.0 (iPhone; CPU iPhone OS 13_2_3 like Mac OS X) AppleWebKit/605.1.15 (KHTML, like Gecko) Version/13.0.3 Mobile/15E148 Safari/604.1"
204.76.203.206 - - [01/Feb/2026:07:37:19 -0800] "GET / HTTP/1.1" 301 178 "-" "Mozilla/5.0 (Windows NT 10.0; Win64; x64) AppleWebKit/537.36 (KHTML, like Gecko) Chrome/90.0.4430.85 Safari/537.36 Edg/90.0.818.46"
5.61.209.92 - - [01/Feb/2026:07:45:59 -0800] "GET /SDK/webLanguage HTTP/1.1" 301 178 "-" "Mozilla/5.0 (Windows NT 10.0; Win64; x64) AppleWebKit/537.36 (KHTML, like Gecko) Chrome/90.0.4430.85 Safari/537.36 Edg/90.0.818.46"
204.76.203.212 - - [01/Feb/2026:07:46:09 -0800] "GET / HTTP/1.1" 301 178 "-" "Mozilla/5.0 (Windows NT 10.0; Win64; x64) AppleWebKit/537.36 (KHTML, like Gecko) Chrome/90.0.4430.85 Safari/537.36 Edg/90.0.818.46"
193.142.147.209 - - [01/Feb/2026:07:47:22 -0800] "POST / HTTP/1.1" 502 166 "-" "Mozilla/5.0 (Windows NT 10.0; Win64; x64) AppleWebKit/537.36"
185.241.208.170 - - [01/Feb/2026:07:51:58 -0800] "GET /.git/objects/ HTTP/1.1" 502 568 "-" "Mozilla/5.0 (Macintosh; Intel Mac OS X 10_14_3) AppleWebKit/537.36 (KHTML, like Gecko) Chrome/74.0.3729.108 Safari/537.36"
204.76.203.206 - - [01/Feb/2026:08:07:09 -0800] "GET / HTTP/1.1" 301 178 "-" "Mozilla/5.0 (Windows NT 10.0; Win64; x64) AppleWebKit/537.36 (KHTML, like Gecko) Chrome/90.0.4430.85 Safari/537.36 Edg/90.0.818.46"
193.142.147.209 - - [01/Feb/2026:08:08:05 -0800] "POST / HTTP/1.1" 301 178 "-" "Mozilla/5.0 (Windows NT 10.0; Win64; x64) AppleWebKit/537.36"
194.164.107.5 - - [01/Feb/2026:08:13:36 -0800] "GET / HTTP/1.1" 502 568 "-" "Mozilla/5.0 (Windows NT 10.0; Win64; x64) AppleWebKit/537.36 (KHTML, like Gecko) Chrome/133.0.0.0 Safari/537.36"
204.76.203.212 - - [01/Feb/2026:08:13:44 -0800] "GET / HTTP/1.1" 301 178 "-" "Mozilla/5.0 (Windows NT 10.0; Win64; x64) AppleWebKit/537.36 (KHTML, like Gecko) Chrome/90.0.4430.85 Safari/537.36 Edg/90.0.818.46"
93.174.93.12 - - [01/Feb/2026:08:25:56 -0800] "GET / HTTP/1.0" 200 612 "-" "Mozilla/5.0 (Linux; Android 9; SM-G965U) AppleWebKit/537.36 (KHTML, like Gecko) Chrome/76.0.3809.111 Mobile Safari/537.36"
135.237.125.174 - - [01/Feb/2026:08:31:02 -0800] "SSH-2.0-Go" 400 166 "-" "-"
135.237.125.174 - - [01/Feb/2026:08:31:02 -0800] "MGLNDD_89.117.16.160_443" 400 166 "-" "-"
204.76.203.212 - - [01/Feb/2026:08:37:42 -0800] "GET / HTTP/1.1" 301 178 "-" "Mozilla/5.0 (Windows NT 10.0; Win64; x64) AppleWebKit/537.36 (KHTML, like Gecko) Chrome/90.0.4430.85 Safari/537.36 Edg/90.0.818.46"
204.76.203.206 - - [01/Feb/2026:08:39:50 -0800] "GET / HTTP/1.1" 301 178 "-" "Mozilla/5.0 (Windows NT 10.0; Win64; x64) AppleWebKit/537.36 (KHTML, like Gecko) Chrome/90.0.4430.85 Safari/537.36 Edg/90.0.818.46"
114.220.75.156 - - [01/Feb/2026:08:45:23 -0800] "POST /cgi-bin/.%2e/.%2e/.%2e/.%2e/.%2e/.%2e/.%2e/.%2e/.%2e/.%2e/bin/sh HTTP/1.1" 400 166 "-" "-"
114.220.75.156 - - [01/Feb/2026:08:45:29 -0800] "POST /cgi-bin/%%32%65%%32%65/%%32%65%%32%65/%%32%65%%32%65/%%32%65%%32%65/%%32%65%%32%65/%%32%65%%32%65/%%32%65%%32%65/bin/sh HTTP/1.1" 400 166 "-" "-"
43.153.204.189 - - [01/Feb/2026:08:54:45 -0800] "GET / HTTP/1.1" 301 178 "-" "Mozilla/5.0 (iPhone; CPU iPhone OS 13_2_3 like Mac OS X) AppleWebKit/605.1.15 (KHTML, like Gecko) Version/13.0.3 Mobile/15E148 Safari/604.1"
79.124.40.174 - - [01/Feb/2026:08:55:01 -0800] "GET /?XDEBUG_SESSION_START=phpstorm HTTP/1.1" 301 178 "-" "Mozilla/5.0 (Windows NT 10.0; Win64; x64) AppleWebKit/537.36 (KHTML, like Gecko) Chrome/78.0.3904.108 Safari/537.36"
204.76.203.212 - - [01/Feb/2026:09:03:11 -0800] "GET / HTTP/1.1" 301 178 "-" "Mozilla/5.0 (Windows NT 10.0; Win64; x64) AppleWebKit/537.36 (KHTML, like Gecko) Chrome/90.0.4430.85 Safari/537.36 Edg/90.0.818.46"
204.76.203.206 - - [01/Feb/2026:09:08:20 -0800] "GET / HTTP/1.1" 301 178 "-" "Mozilla/5.0 (Windows NT 10.0; Win64; x64) AppleWebKit/537.36 (KHTML, like Gecko) Chrome/90.0.4430.85 Safari/537.36 Edg/90.0.818.46"
146.148.12.176 - - [01/Feb/2026:09:11:53 -0800] "GET / HTTP/1.1" 502 166 "-" "python-requests/2.32.5"
213.209.159.181 - - [01/Feb/2026:09:13:38 -0800] "GET /.git/config HTTP/1.1" 301 178 "-" "Mozilla/5.0 (Macintosh; Intel Mac OS X 10_15_7) AppleWebKit/537.36 (KHTML, like Gecko) Chrome/129.0.0.0 Safari/537.36"
204.76.203.212 - - [01/Feb/2026:09:28:34 -0800] "GET / HTTP/1.1" 301 178 "-" "Mozilla/5.0 (Windows NT 10.0; Win64; x64) AppleWebKit/537.36 (KHTML, like Gecko) Chrome/90.0.4430.85 Safari/537.36 Edg/90.0.818.46"
204.76.203.206 - - [01/Feb/2026:09:38:37 -0800] "GET / HTTP/1.1" 301 178 "-" "Mozilla/5.0 (Windows NT 10.0; Win64; x64) AppleWebKit/537.36 (KHTML, like Gecko) Chrome/90.0.4430.85 Safari/537.36 Edg/90.0.818.46"
80.11.204.249 - - [01/Feb/2026:09:44:30 -0800] "GET / HTTP/1.1" 301 178 "-" "Mozilla/5.0 (Windows NT 10.0; WOW64) AppleWebKit/537.36 (KHTML, like Gecko) Chrome/51.0.2704.103 Safari/537.36"
162.243.212.22 - - [01/Feb/2026:09:46:21 -0800] "GET / HTTP/1.1" 301 178 "-" "Mozilla/5.0 (Windows NT 10.0; Win64; x64) AppleWebKit/537.36 (KHTML, like Gecko) Chrome/125.0.0.0 Safari/537.36"
152.32.237.244 - - [01/Feb/2026:09:46:39 -0800] "GET / HTTP/1.1" 502 568 "-" "Mozilla/5.0 (Windows NT 10.0; Win64; x64) AppleWebKit/537.36 (KHTML, like Gecko) Chrome/125.0.0.0 Safari/537.36"
49.51.73.183 - - [01/Feb/2026:09:49:10 -0800] "GET / HTTP/1.1" 301 178 "-" "Mozilla/5.0 (iPhone; CPU iPhone OS 13_2_3 like Mac OS X) AppleWebKit/605.1.15 (KHTML, like Gecko) Version/13.0.3 Mobile/15E148 Safari/604.1"
195.178.110.246 - - [01/Feb/2026:09:53:39 -0800] "GET /_profiler/phpinfo HTTP/1.1" 502 568 "-" "Mozilla/5.0 (X11; Linux x86_64) AppleWebKit/537.36 (KHTML, like Gecko) Chrome/78.0.3876.0 Safari/537.36"
204.76.203.212 - - [01/Feb/2026:09:54:58 -0800] "GET / HTTP/1.1" 301 178 "-" "Mozilla/5.0 (Windows NT 10.0; Win64; x64) AppleWebKit/537.36 (KHTML, like Gecko) Chrome/90.0.4430.85 Safari/537.36 Edg/90.0.818.46"
204.76.203.18 - - [01/Feb/2026:09:57:07 -0800] "GET / HTTP/1.1" 502 166 "-" "-"
91.230.168.206 - - [01/Feb/2026:09:57:10 -0800] "GET / HTTP/1.1" 502 166 "-" "Mozilla/5.0 (X11; Ubuntu; Linux x86_64; rv:134.0) Gecko/20100101 Firefox/134.0"
79.124.40.174 - - [01/Feb/2026:09:58:52 -0800] "GET /actuator/gateway/routes HTTP/1.1" 301 178 "-" "Mozilla/5.0 (Windows NT 10.0; Win64; x64) AppleWebKit/537.36 (KHTML, like Gecko) Chrome/78.0.3904.108 Safari/537.36"
179.185.179.100 - - [01/Feb/2026:10:00:45 -0800] "GET / HTTP/1.1" 301 178 "-" "Mozilla/5.0 (Windows NT 10.0; WOW64) AppleWebKit/537.36 (KHTML, like Gecko) Chrome/51.0.2704.103 Safari/537.36"
89.42.231.200 - - [01/Feb/2026:10:01:07 -0800] "GET /SDK/webLanguage HTTP/1.1" 301 178 "-" "Mozilla/5.0 (Windows NT 10.0; Win64; x64) AppleWebKit/537.36 (KHTML, like Gecko) Chrome/90.0.4430.85 Safari/537.36 Edg/90.0.818.46"
195.184.76.153 - - [01/Feb/2026:10:04:14 -0800] "GET /favicon.ico HTTP/1.1" 502 166 "-" "Mozilla/5.0 (X11; Ubuntu; Linux x86_64; rv:134.0) Gecko/20100101 Firefox/134.0"
204.76.203.69 - - [01/Feb/2026:10:06:11 -0800] "GET / HTTP/1.1" 301 178 "-" "-"
185.12.59.118 - - [01/Feb/2026:10:07:22 -0800] "GET / HTTP/1.1" 502 166 "-" "Mozilla/5.0 (Windows NT 10.0; Win64; x64; rv:132.0) Gecko/20100101 Firefox/132.0"
193.142.147.209 - - [01/Feb/2026:10:10:09 -0800] "POST / HTTP/1.1" 502 166 "-" "Mozilla/5.0 (Windows NT 10.0; Win64; x64) AppleWebKit/537.36"
204.76.203.206 - - [01/Feb/2026:10:13:48 -0800] "GET / HTTP/1.1" 301 178 "-" "Mozilla/5.0 (Windows NT 10.0; Win64; x64) AppleWebKit/537.36 (KHTML, like Gecko) Chrome/90.0.4430.85 Safari/537.36 Edg/90.0.818.46"
204.76.203.212 - - [01/Feb/2026:10:20:23 -0800] "GET / HTTP/1.1" 301 178 "-" "Mozilla/5.0 (Windows NT 10.0; Win64; x64) AppleWebKit/537.36 (KHTML, like Gecko) Chrome/90.0.4430.85 Safari/537.36 Edg/90.0.818.46"
20.55.35.128 - - [01/Feb/2026:10:21:32 -0800] "GET / HTTP/1.1" 301 178 "-" "Mozilla/5.0 zgrab/0.x"
185.241.208.170 - - [01/Feb/2026:10:23:47 -0800] "GET /_profiler/phpinfo HTTP/1.1" 502 166 "-" "Mozilla/5.0 (X11; Ubuntu; Linux x86_64; rv:55.0) Gecko/20100101 Firefox/55.0"
176.65.139.7 - - [01/Feb/2026:10:27:24 -0800] "POST / HTTP/1.1" 502 166 "-" "Go-http-client/1.1"
193.142.147.209 - - [01/Feb/2026:10:28:06 -0800] "POST / HTTP/1.1" 301 178 "-" "Mozilla/5.0 (Windows NT 10.0; Win64; x64) AppleWebKit/537.36"
176.65.139.7 - - [01/Feb/2026:10:36:30 -0800] "POST / HTTP/1.1" 301 178 "-" "Go-http-client/1.1"
79.124.40.174 - - [01/Feb/2026:10:38:11 -0800] "\x16\x03\x01\x05\xA8\x01\x00\x05\xA4\x03\x03Y\xAA\xD0B\xC8\xC3:\xCF\xA7i\x87\xA9\x89\xEF`\xA5\xA2Q\xFD\xFCt\x96S\xE9\x83\x5C\xDC?\xA7G\xAFF \xF1W?)\xD1\x019\xFC\xEF\xB7\xD4\x9C\x87t\xF1S\xBE/\x97\x05\xE1`+|\xAC\x99\xEFZ:\x85\x86K\x00\x1A\xC0+\xC0/\xC0,\xC00\xCC\xA9\xCC\xA8\xC0\x09\xC0\x13\xC0" 400 166 "-" "-"
54.163.86.175 - - [01/Feb/2026:10:40:38 -0800] "GET / HTTP/1.1" 502 568 "-" "Mozilla/5.0 (Windows NT 10.0; Win64; x64) AppleWebKit/537.36 (KHTML, like Gecko) Chrome/136.0.0.0 Safari/537.36"
3.90.6.14 - - [01/Feb/2026:10:40:51 -0800] "GET /robots.txt HTTP/1.1" 502 568 "-" "Mozilla/5.0 (Windows NT 10.0; Win64; x64) AppleWebKit/537.36 (KHTML, like Gecko) Chrome/136.0.0.0 Safari/537.36"
23.23.43.140 - - [01/Feb/2026:10:41:07 -0800] "GET /favicon.ico HTTP/1.1" 502 568 "-" "Mozilla/5.0 (Windows NT 10.0; Win64; x64) AppleWebKit/537.36 (KHTML, like Gecko) Chrome/136.0.0.0 Safari/537.36"
13.222.252.87 - - [01/Feb/2026:10:42:58 -0800] "GET / HTTP/1.1" 301 178 "-" "Mozilla/5.0 (Windows NT 10.0; Win64; x64) AppleWebKit/537.36 (KHTML, like Gecko) Chrome/136.0.0.0 Safari/537.36"
204.76.203.206 - - [01/Feb/2026:10:45:01 -0800] "GET / HTTP/1.1" 301 178 "-" "Mozilla/5.0 (Windows NT 10.0; Win64; x64) AppleWebKit/537.36 (KHTML, like Gecko) Chrome/90.0.4430.85 Safari/537.36 Edg/90.0.818.46"
98.148.29.214 - - [01/Feb/2026:10:50:55 -0800] "GET /live/hls/stream.m3u8 HTTP/2.0" 200 558 "https://ronautradio.la/" "Mozilla/5.0 (iPhone; CPU iPhone OS 18_7 like Mac OS X) AppleWebKit/605.1.15 (KHTML, like Gecko) Version/26.1 Mobile/15E148 Safari/604.1"
98.148.29.214 - - [01/Feb/2026:10:50:55 -0800] "GET /api/now-playing HTTP/2.0" 502 166 "https://ronautradio.la/" "Mozilla/5.0 (iPhone; CPU iPhone OS 18_7 like Mac OS X) AppleWebKit/605.1.15 (KHTML, like Gecko) Version/26.1 Mobile/15E148 Safari/604.1"
98.148.29.214 - - [01/Feb/2026:10:50:56 -0800] "GET /live/hls/stream-805292.ts HTTP/2.0" 404 123 "https://ronautradio.la/" "Mozilla/5.0 (iPhone; CPU iPhone OS 18_7 like Mac OS X) AppleWebKit/605.1.15 (KHTML, like Gecko) Version/26.1 Mobile/15E148 Safari/604.1"
98.148.29.214 - - [01/Feb/2026:10:50:56 -0800] "GET /live/hls/stream.m3u8 HTTP/2.0" 304 0 "https://ronautradio.la/" "Mozilla/5.0 (iPhone; CPU iPhone OS 18_7 like Mac OS X) AppleWebKit/605.1.15 (KHTML, like Gecko) Version/26.1 Mobile/15E148 Safari/604.1"
98.148.29.214 - - [01/Feb/2026:10:50:56 -0800] "GET /live/hls/stream-805292.ts HTTP/2.0" 404 123 "https://ronautradio.la/" "Mozilla/5.0 (iPhone; CPU iPhone OS 18_7 like Mac OS X) AppleWebKit/605.1.15 (KHTML, like Gecko) Version/26.1 Mobile/15E148 Safari/604.1"
98.148.29.214 - - [01/Feb/2026:10:50:56 -0800] "GET /live/hls/stream-805303.ts HTTP/2.0" 200 2020436 "https://ronautradio.la/" "Mozilla/5.0 (iPhone; CPU iPhone OS 18_7 like Mac OS X) AppleWebKit/605.1.15 (KHTML, like Gecko) Version/26.1 Mobile/15E148 Safari/604.1"
98.148.29.214 - - [01/Feb/2026:10:50:56 -0800] "GET /live/hls/stream-805304.ts HTTP/2.0" 200 2194336 "https://ronautradio.la/" "Mozilla/5.0 (iPhone; CPU iPhone OS 18_7 like Mac OS X) AppleWebKit/605.1.15 (KHTML, like Gecko) Version/26.1 Mobile/15E148 Safari/604.1"
98.148.29.214 - - [01/Feb/2026:10:50:56 -0800] "GET /live/hls/stream-805305.ts HTTP/2.0" 200 2033408 "https://ronautradio.la/" "Mozilla/5.0 (iPhone; CPU iPhone OS 18_7 like Mac OS X) AppleWebKit/605.1.15 (KHTML, like Gecko) Version/26.1 Mobile/15E148 Safari/604.1"
98.148.29.214 - - [01/Feb/2026:10:50:56 -0800] "GET /live/hls/stream-805306.ts HTTP/2.0" 200 2050892 "https://ronautradio.la/" "Mozilla/5.0 (iPhone; CPU iPhone OS 18_7 like Mac OS X) AppleWebKit/605.1.15 (KHTML, like Gecko) Version/26.1 Mobile/15E148 Safari/604.1"
98.148.29.214 - - [01/Feb/2026:10:50:57 -0800] "GET /live/hls/stream.m3u8 HTTP/2.0" 304 0 "https://ronautradio.la/" "Mozilla/5.0 (iPhone; CPU iPhone OS 18_7 like Mac OS X) AppleWebKit/605.1.15 (KHTML, like Gecko) Version/26.1 Mobile/15E148 Safari/604.1"
98.148.29.214 - - [01/Feb/2026:10:50:59 -0800] "GET /live/hls/stream.m3u8 HTTP/2.0" 304 0 "https://ronautradio.la/" "Mozilla/5.0 (iPhone; CPU iPhone OS 18_7 like Mac OS X) AppleWebKit/605.1.15 (KHTML, like Gecko) Version/26.1 Mobile/15E148 Safari/604.1"
98.148.29.214 - - [01/Feb/2026:10:51:01 -0800] "GET /live/hls/stream.m3u8 HTTP/2.0" 304 0 "https://ronautradio.la/" "Mozilla/5.0 (iPhone; CPU iPhone OS 18_7 like Mac OS X) AppleWebKit/605.1.15 (KHTML, like Gecko) Version/26.1 Mobile/15E148 Safari/604.1"
98.148.29.214 - - [01/Feb/2026:10:51:01 -0800] "GET /live/hls/stream.m3u8 HTTP/2.0" 304 0 "https://ronautradio.la/" "Mozilla/5.0 (iPhone; CPU iPhone OS 18_7 like Mac OS X) AppleWebKit/605.1.15 (KHTML, like Gecko) Version/26.1 Mobile/15E148 Safari/604.1"
98.148.29.214 - - [01/Feb/2026:10:51:01 -0800] "GET /api/now-playing HTTP/2.0" 502 166 "https://ronautradio.la/" "Mozilla/5.0 (iPhone; CPU iPhone OS 18_7 like Mac OS X) AppleWebKit/605.1.15 (KHTML, like Gecko) Version/26.1 Mobile/15E148 Safari/604.1"
98.148.29.214 - - [01/Feb/2026:10:51:01 -0800] "GET /live/hls/stream-805304.ts HTTP/2.0" 200 2097152 "https://ronautradio.la/" "Mozilla/5.0 (iPhone; CPU iPhone OS 18_7 like Mac OS X) AppleWebKit/605.1.15 (KHTML, like Gecko) Version/26.1 Mobile/15E148 Safari/604.1"
98.148.29.214 - - [01/Feb/2026:10:51:01 -0800] "GET /live/hls/stream-805305.ts HTTP/2.0" 304 0 "https://ronautradio.la/" "Mozilla/5.0 (iPhone; CPU iPhone OS 18_7 like Mac OS X) AppleWebKit/605.1.15 (KHTML, like Gecko) Version/26.1 Mobile/15E148 Safari/604.1"
98.148.29.214 - - [01/Feb/2026:10:51:01 -0800] "GET /live/hls/stream-805306.ts HTTP/2.0" 304 0 "https://ronautradio.la/" "Mozilla/5.0 (iPhone; CPU iPhone OS 18_7 like Mac OS X) AppleWebKit/605.1.15 (KHTML, like Gecko) Version/26.1 Mobile/15E148 Safari/604.1"
91.224.92.115 - - [01/Feb/2026:10:54:12 -0800] "GET /cgi-bin/luci/;stok=/locale HTTP/1.1" 301 178 "-" "-"
89.42.231.200 - - [01/Feb/2026:11:05:05 -0800] "GET /SDK/webLanguage HTTP/1.1" 502 568 "-" "Mozilla/5.0 (Windows NT 10.0; Win64; x64) AppleWebKit/537.36 (KHTML, like Gecko) Chrome/90.0.4430.85 Safari/537.36 Edg/90.0.818.46"
204.76.203.212 - - [01/Feb/2026:11:11:48 -0800] "GET / HTTP/1.1" 301 178 "-" "Mozilla/5.0 (Windows NT 10.0; Win64; x64) AppleWebKit/537.36 (KHTML, like Gecko) Chrome/90.0.4430.85 Safari/537.36 Edg/90.0.818.46"
91.224.92.115 - - [01/Feb/2026:11:12:24 -0800] "GET /cgi-bin/luci/;stok=/locale HTTP/1.1" 502 166 "-" "-"
134.122.58.72 - - [01/Feb/2026:11:12:34 -0800] "GET /+CSCOL+/Java.jar HTTP/1.1" 502 568 "-" "Mozilla/5.0 (Windows NT 10.0; Win64; x64) AppleWebKit/537.36 (KHTML, like Gecko) Chrome/108.0.0.0 Safari/537.36"
134.122.58.72 - - [01/Feb/2026:11:12:35 -0800] "GET /+CSCOE+/logon_forms.js HTTP/1.1" 502 568 "-" "Mozilla/5.0 (Windows NT 10.0; Win64; x64) AppleWebKit/537.36 (KHTML, like Gecko) Chrome/108.0.0.0 Safari/537.36"
134.122.58.72 - - [01/Feb/2026:11:12:36 -0800] "GET /+CSCOL+/a1.jar HTTP/1.1" 502 568 "-" "Mozilla/5.0 (Windows NT 10.0; Win64; x64) AppleWebKit/537.36 (KHTML, like Gecko) Chrome/108.0.0.0 Safari/537.36"
134.122.58.72 - - [01/Feb/2026:11:12:37 -0800] "GET /+CSCOE+/transfer.js HTTP/1.1" 502 568 "-" "Mozilla/5.0 (Windows NT 10.0; Win64; x64) AppleWebKit/537.36 (KHTML, like Gecko) Chrome/108.0.0.0 Safari/537.36"
35.76.160.150 - - [01/Feb/2026:11:12:42 -0800] "GET / HTTP/1.1" 301 178 "-" "Go-http-client/1.1"
35.76.160.150 - - [01/Feb/2026:11:12:43 -0800] "GET / HTTP/1.1" 502 166 "-" "Go-http-client/1.1"
204.76.203.206 - - [01/Feb/2026:11:12:46 -0800] "GET / HTTP/1.1" 301 178 "-" "Mozilla/5.0 (Windows NT 10.0; Win64; x64) AppleWebKit/537.36 (KHTML, like Gecko) Chrome/90.0.4430.85 Safari/537.36 Edg/90.0.818.46"
146.19.24.133 - - [01/Feb/2026:11:14:50 -0800] "GET / HTTP/1.1" 301 178 "-" "python-requests/2.31.0"
204.76.203.212 - - [01/Feb/2026:11:35:20 -0800] "GET / HTTP/1.1" 301 178 "-" "Mozilla/5.0 (Windows NT 10.0; Win64; x64) AppleWebKit/537.36 (KHTML, like Gecko) Chrome/90.0.4430.85 Safari/537.36 Edg/90.0.818.46"
20.64.104.65 - - [01/Feb/2026:11:48:07 -0800] "GET /developmentserver/metadatauploader HTTP/1.1" 301 178 "-" "Mozilla/5.0 zgrab/0.x"
204.76.203.206 - - [01/Feb/2026:11:48:35 -0800] "GET / HTTP/1.1" 301 178 "-" "Mozilla/5.0 (Windows NT 10.0; Win64; x64) AppleWebKit/537.36 (KHTML, like Gecko) Chrome/90.0.4430.85 Safari/537.36 Edg/90.0.818.46"
